// Vitest Snapshot v1, https://vitest.dev/guide/snapshot.html

exports[`createTempoMcpServer (protocol) > tools/list returns four tools with stable schema snapshot 1`] = `
[
  {
    "description": "Probe the configured Tempo instance: GET /health (no auth), then GET /auth/me with the configured API key. Reports whether the instance is reachable and whether the key authenticates. Use this when setup fails or before generating a weekly recap.",
    "inputSchema": {
      "properties": {},
      "type": "object",
    },
    "name": "check_connection",
  },
  {
    "description": "Generate the Tempo weekly recap markdown report for a Mon–Sun week (same engine as \`tempo weekly-recap\`). Optional week (last|current|YYYY-Www|YYYY-MM-DD; omit for smart default), timezone, include_trends, skip_subjective, and refresh_subjective. When subjective YAML is missing (or refresh_subjective is true) and skip_subjective is false, returns status needs_subjective with the week's runs and questionnaire instead of a report — interview the user, call save_subjective_responses, then call this tool again. Prefer skip_subjective: true for a quick check-in without the interview.",
    "inputSchema": {
      "$schema": "http://json-schema.org/draft-07/schema#",
      "properties": {
        "include_trends": {
          "description": "Include rolling trends section (extra workouts fetch). Default from config [report].include_trends or true.",
          "type": "boolean",
        },
        "refresh_subjective": {
          "description": "Re-open the subjective interview even when a subjective file already exists for the week (mirrors CLI --refresh-subjective).",
          "type": "boolean",
        },
        "skip_subjective": {
          "description": "Skip subjective YAML and omit subjective sections. Bypasses the needs_subjective gate.",
          "type": "boolean",
        },
        "timezone": {
          "description": "IANA timezone for Mon–Sun boundaries (default: config timezone or system)",
          "type": "string",
        },
        "week": {
          "description": "Which week: omit for smart default (Sat–Sun → current, Mon → last completed, Tue–Fri → current), or "last", "current", YYYY-Www, or YYYY-MM-DD",
          "type": "string",
        },
      },
      "type": "object",
    },
    "name": "generate_weekly_recap",
  },
  {
    "description": "Validate and write subjective-{week}.yaml for a Tempo weekly recap (same schema as the interactive CLI). Call after interviewing the athlete when generate_weekly_recap returned needs_subjective. Then call generate_weekly_recap again for the complete report. Does not call the Tempo API.",
    "inputSchema": {
      "$schema": "http://json-schema.org/draft-07/schema#",
      "properties": {
        "runs": {
          "description": "Per-run subjective rows (date-keyed; omit a row if nothing answered for that date)",
          "items": {
            "properties": {
              "date": {
                "description": "Local calendar date YYYY-MM-DD (must fall in the week Mon–Sun)",
                "type": "string",
              },
              "felt": {
                "description": "Optional felt rating 1–10",
                "type": "number",
              },
              "pain": {
                "description": "Optional pain / niggles text",
                "type": "string",
              },
              "rpe": {
                "description": "Optional RPE 1–10",
                "type": "number",
              },
            },
            "required": [
              "date",
            ],
            "type": "object",
          },
          "type": "array",
        },
        "timezone": {
          "description": "IANA timezone used to validate run dates fall in Mon–Sun (default: config or system)",
          "type": "string",
        },
        "week": {
          "description": "ISO week id for the file, e.g. "2026-W35" (required)",
          "type": "string",
        },
        "weekly": {
          "description": "Optional weekly subjective fields (omit entirely if none answered)",
          "properties": {
            "body_check": {
              "type": "string",
            },
            "feeling_into_next_week": {
              "type": "string",
            },
            "questions_for_coach": {
              "items": {
                "type": "string",
              },
              "type": "array",
            },
            "sleep_avg_hrs": {
              "type": "number",
            },
            "sleep_range_hrs": {
              "additionalItems": false,
              "description": "Optional [low, high] sleep hours",
              "items": [
                {
                  "type": "number",
                },
                {
                  "type": "number",
                },
              ],
              "maxItems": 2,
              "minItems": 2,
              "type": "array",
            },
            "strength_sessions": {
              "properties": {
                "completed": {
                  "type": "number",
                },
                "notes": {
                  "type": "string",
                },
                "planned": {
                  "type": "number",
                },
              },
              "type": "object",
            },
            "stress_level": {
              "type": "string",
            },
          },
          "type": "object",
        },
      },
      "required": [
        "week",
        "runs",
      ],
      "type": "object",
    },
    "name": "save_subjective_responses",
  },
  {
    "description": "Validate and write prescribed-{week}.yaml for a Tempo weekly recap (same schema the CLI reads for quality-vs-prescribed). Call after coaching to persist next week's plan. Requires an explicit ISO week (YYYY-Www); set overwrite: true to replace an existing file. Does not call the Tempo API.",
    "inputSchema": {
      "$schema": "http://json-schema.org/draft-07/schema#",
      "properties": {
        "overwrite": {
          "description": "When true, replace an existing prescribed file for this week. Default false — refuse if the file already exists.",
          "type": "boolean",
        },
        "sessions": {
          "description": "Prescribed sessions: type workout (pace/HR/reps) or long_run (distance + HR max)",
          "items": {
            "oneOf": [
              {
                "properties": {
                  "date": {
                    "description": "Local calendar date YYYY-MM-DD (must fall in the week Mon–Sun)",
                    "type": "string",
                  },
                  "description": {
                    "type": "string",
                  },
                  "rep_distance_mi": {
                    "description": "Positive distance per rep in miles",
                    "type": "number",
                  },
                  "reps": {
                    "description": "Positive rep count",
                    "type": "number",
                  },
                  "target_hr_bpm": {
                    "properties": {
                      "max": {
                        "description": "HR max bpm",
                        "type": "number",
                      },
                      "min": {
                        "description": "HR min bpm",
                        "type": "number",
                      },
                    },
                    "required": [
                      "min",
                      "max",
                    ],
                    "type": "object",
                  },
                  "target_pace_per_mi": {
                    "properties": {
                      "max": {
                        "description": "Pace max as M:SS (e.g. "8:30")",
                        "type": "string",
                      },
                      "min": {
                        "description": "Pace min as M:SS (e.g. "8:15")",
                        "type": "string",
                      },
                    },
                    "required": [
                      "min",
                      "max",
                    ],
                    "type": "object",
                  },
                  "type": {
                    "const": "workout",
                    "type": "string",
                  },
                },
                "required": [
                  "type",
                  "date",
                  "target_pace_per_mi",
                  "target_hr_bpm",
                  "reps",
                  "rep_distance_mi",
                ],
                "type": "object",
              },
              {
                "properties": {
                  "date": {
                    "description": "Local calendar date YYYY-MM-DD (must fall in the week Mon–Sun)",
                    "type": "string",
                  },
                  "description": {
                    "type": "string",
                  },
                  "target_distance_mi": {
                    "type": "number",
                  },
                  "target_hr_bpm_max": {
                    "type": "number",
                  },
                  "type": {
                    "const": "long_run",
                    "type": "string",
                  },
                },
                "required": [
                  "type",
                  "date",
                  "target_distance_mi",
                  "target_hr_bpm_max",
                ],
                "type": "object",
              },
            ],
          },
          "type": "array",
        },
        "timezone": {
          "description": "IANA timezone used to validate session dates fall in Mon–Sun (default: config or system)",
          "type": "string",
        },
        "week": {
          "description": "ISO week id for the file, e.g. "2026-W35" (required; no smart default)",
          "type": "string",
        },
      },
      "required": [
        "week",
        "sessions",
      ],
      "type": "object",
    },
    "name": "save_prescribed_week",
  },
]
`;
